// Jest Snapshot v1, https://goo.gl/fbAQLP

exports[`Pruebas en <AppRouter /> debe de mostrar el Espere... 1`] = `
<h5>
  Espere...
</h5>
`;
